\BOOKMARK [1][-]{section.2.1}{\376\377\000K\000h\036\243\000o\000\040\000s\000\341\000t\000\040\000h\000i\036\307\000n\000\040\000t\000r\036\241\000n\000g}{}% 1
\BOOKMARK [2][-]{subsection.2.1.1}{\376\377\000K\000h\036\243\000o\000\040\000s\000\341\000t\000\040\000n\000h\000u\000\040\000c\036\247\000u\000\040\000n\000g\001\260\036\335\000i\000\040\000d\000\371\000n\000g}{section.2.1}% 2
\BOOKMARK [2][-]{subsection.2.1.2}{\376\377\000K\000h\036\243\000o\000\040\000s\000\341\000t\000\040\000m\000\364\000\040\000h\000\354\000n\000h\000\040\000v\036\255\000n\000\040\000h\000\340\000n\000h\000\040\000h\000i\036\307\000n\000\040\000t\036\241\000i}{section.2.1}% 3
\BOOKMARK [2][-]{subsection.2.1.3}{\376\377\000K\000h\036\243\000o\000\040\000s\000\341\000t\000\040\000c\000\341\000c\000\040\036\351\000n\000g\000\040\000d\036\345\000n\000g\000\040\000t\001\260\001\241\000n\000g\000\040\000t\036\361}{section.2.1}% 4
\BOOKMARK [1][-]{section.2.2}{\376\377\000T\036\325\000n\000g\000\040\000q\000u\000a\000n\000\040\000c\000h\036\351\000c\000\040\000n\001\003\000n\000g}{}% 5
\BOOKMARK [2][-]{subsection.2.2.1}{\376\377\000B\000i\036\303\000u\000\040\001\021\036\323\000\040\000u\000s\000e\000\040\000c\000a\000s\000e\000\040\000t\036\325\000n\000g\000\040\000q\000u\000\341\000t}{section.2.2}% 6
\BOOKMARK [2][-]{subsection.2.2.2}{\376\377\000B\000i\036\303\000u\000\040\001\021\036\323\000\040\000u\000s\000e\000\040\000c\000a\000s\000e\000\040\000p\000h\000\342\000n\000\040\000r\000\343\000\040\000Q\000u\036\243\000n\000\040\000l\000\375\000\040\000k\000h\000\363\000a\000\040\000h\036\315\000c}{section.2.2}% 7
\BOOKMARK [2][-]{subsection.2.2.3}{\376\377\000B\000i\036\303\000u\000\040\001\021\036\323\000\040\000u\000s\000e\000\040\000c\000a\000s\000e\000\040\000p\000h\000\342\000n\000\040\000r\000\343\000\040\000H\036\315\000c\000\040\000b\000\340\000i\000\040\000v\000\340\000\040\000x\000e\000m\000\040\000h\036\315\000c\000\040\000l\000i\036\307\000u}{section.2.2}% 8
\BOOKMARK [2][-]{subsection.2.2.4}{\376\377\000B\000i\036\303\000u\000\040\001\021\036\323\000\040\000u\000s\000e\000\040\000c\000a\000s\000e\000\040\000p\000h\000\342\000n\000\040\000r\000\343\000\040\000Q\000u\036\243\000n\000\040\000l\000\375\000\040\000b\000\340\000i\000\040\000k\000i\036\303\000m\000\040\000t\000r\000a}{section.2.2}% 9
\BOOKMARK [2][-]{subsection.2.2.5}{\376\377\000Q\000u\000y\000\040\000t\000r\000\354\000n\000h\000\040\000n\000g\000h\000i\036\307\000p\000\040\000v\036\345\000\040\000t\036\241\000o\000\040\000v\000\340\000\040\000x\000u\036\245\000t\000\040\000b\036\243\000n\000\040\000b\000\340\000i\000\040\000k\000i\036\303\000m\000\040\000t\000r\000a}{section.2.2}% 10
\BOOKMARK [2][-]{subsection.2.2.6}{\376\377\000Q\000u\000y\000\040\000t\000r\000\354\000n\000h\000\040\000n\000g\000h\000i\036\307\000p\000\040\000v\036\345\000\040\000m\000u\000a\000\040\000k\000h\000\363\000a\000\040\000h\036\315\000c\000\040\000v\000\340\000\040\000h\036\315\000c\000\040\000t\036\255\000p}{section.2.2}% 11
\BOOKMARK [1][-]{section.2.3}{\376\377\001\020\036\267\000c\000\040\000t\036\243\000\040\000c\000h\036\351\000c\000\040\000n\001\003\000n\000g}{}% 12
\BOOKMARK [2][-]{subsection.2.3.1}{\376\377\001\020\036\267\000c\000\040\000t\036\243\000\040\000u\000s\000e\000\040\000c\000a\000s\000e\000\040\000Q\000u\036\243\000n\000\040\000l\000\375\000\040\000k\000h\000\363\000a\000\040\000h\036\315\000c}{section.2.3}% 13
\BOOKMARK [2][-]{subsection.2.3.2}{\376\377\001\020\036\267\000c\000\040\000t\036\243\000\040\000u\000s\000e\000\040\000c\000a\000s\000e\000\040\000Q\000u\036\243\000n\000\040\000l\000\375\000\040\000b\000\340\000i\000\040\000k\000i\036\303\000m\000\040\000t\000r\000a}{section.2.3}% 14
\BOOKMARK [2][-]{subsection.2.3.3}{\376\377\001\020\036\267\000c\000\040\000t\036\243\000\040\000u\000s\000e\000\040\000c\000a\000s\000e\000\040\000M\000u\000a\000\040\000k\000h\000\363\000a\000\040\000h\036\315\000c}{section.2.3}% 15
\BOOKMARK [2][-]{subsection.2.3.4}{\376\377\001\020\036\267\000c\000\040\000t\036\243\000\040\000u\000s\000e\000\040\000c\000a\000s\000e\000\040\000H\036\315\000c\000\040\000b\000\340\000i\000\040\000v\000\340\000\040\000x\000e\000m\000\040\000h\036\315\000c\000\040\000l\000i\036\307\000u}{section.2.3}% 16
\BOOKMARK [2][-]{subsection.2.3.5}{\376\377\001\020\036\267\000c\000\040\000t\036\243\000\040\000u\000s\000e\000\040\000c\000a\000s\000e\000\040\000H\036\317\000i\000\040\000A\000I\000\040\000T\000u\000t\000o\000r}{section.2.3}% 17
\BOOKMARK [2][-]{subsection.2.3.6}{\376\377\001\020\036\267\000c\000\040\000t\036\243\000\040\000u\000s\000e\000\040\000c\000a\000s\000e\000\040\000L\000\340\000m\000\040\000b\000\340\000i\000\040\000k\000i\036\303\000m\000\040\000t\000r\000a}{section.2.3}% 18
\BOOKMARK [1][-]{section.2.4}{\376\377\000Y\000\352\000u\000\040\000c\036\247\000u\000\040\000p\000h\000i\000\040\000c\000h\036\351\000c\000\040\000n\001\003\000n\000g}{}% 19
\BOOKMARK [2][-]{subsection.2.4.1}{\376\377\000B\036\243\000o\000\040\000m\036\255\000t}{section.2.4}% 20
\BOOKMARK [2][-]{subsection.2.4.2}{\376\377\000H\000i\036\307\000u\000\040\000n\001\003\000n\000g}{section.2.4}% 21
\BOOKMARK [2][-]{subsection.2.4.3}{\376\377\001\020\036\331\000\040\000t\000i\000n\000\040\000c\036\255\000y}{section.2.4}% 22
\BOOKMARK [2][-]{subsection.2.4.4}{\376\377\000K\000h\036\243\000\040\000n\001\003\000n\000g\000\040\000m\036\337\000\040\000r\036\331\000n\000g}{section.2.4}% 23
\BOOKMARK [2][-]{subsection.2.4.5}{\376\377\000T\000\355\000n\000h\000\040\000d\036\305\000\040\000s\036\355\000\040\000d\036\345\000n\000g}{section.2.4}% 24
\BOOKMARK [2][-]{subsection.2.4.6}{\376\377\000T\000\355\000n\000h\000\040\000d\036\305\000\040\000b\036\243\000o\000\040\000t\000r\000\354}{section.2.4}% 25
\BOOKMARK [2][-]{subsection.2.4.7}{\376\377\000R\000\340\000n\000g\000\040\000b\000u\036\331\000c\000\040\000c\000\364\000n\000g\000\040\000n\000g\000h\036\307}{section.2.4}% 26
