\BOOKMARK [1][-]{section.0.1}{\376\377\000C\000\364\000n\000g\000\040\000n\000g\000h\036\307\000\040\000p\000h\000\341\000t\000\040\000t\000r\000i\036\303\000n\000\040\000p\000h\000\355\000a\000\040\000m\000\341\000y\000\040\000c\000h\036\347}{}% 1
\BOOKMARK [2][-]{subsection.0.1.1}{\376\377\000N\000o\000d\000e\000.\000j\000s\000,\000\040\000E\000x\000p\000r\000e\000s\000s\000\040\000v\000\340\000\040\000T\000y\000p\000e\000S\000c\000r\000i\000p\000t}{section.0.1}% 2
\BOOKMARK [2][-]{subsection.0.1.2}{\376\377\000R\000E\000S\000T\000\040\000A\000P\000I\000\040\000v\000\340\000\040\000t\036\325\000\040\000c\000h\036\351\000c\000\040\000m\000\343\000\040\000n\000g\000u\036\323\000n\000\040\000t\000h\000e\000o\000\040\000m\000o\000d\000u\000l\000e}{section.0.1}% 3
\BOOKMARK [2][-]{subsection.0.1.3}{\376\377\000P\000o\000s\000t\000g\000r\000e\000S\000Q\000L\000\040\000v\000\340\000\040\000P\000r\000i\000s\000m\000a\000\040\000O\000R\000M}{section.0.1}% 4
\BOOKMARK [2][-]{subsection.0.1.4}{\376\377\000Z\000o\000d\000,\000\040\000J\000W\000T\000\040\000v\000\340\000\040\000k\000i\036\303\000m\000\040\000s\000o\000\341\000t\000\040\000q\000u\000y\036\301\000n\000\040\000t\000r\000u\000y\000\040\000c\036\255\000p}{section.0.1}% 5
\BOOKMARK [2][-]{subsection.0.1.5}{\376\377\000T\000r\000a\000n\000s\000a\000c\000t\000i\000o\000n\000,\000\040\000s\036\321\000\040\000t\000h\036\255\000p\000\040\000p\000h\000\342\000n\000\040\000v\000\340\000\040\000x\036\355\000\040\000l\000\375\000\040\000t\000h\000a\000n\000h\000\040\000t\000o\000\341\000n}{section.0.1}% 6
\BOOKMARK [2][-]{subsection.0.1.6}{\376\377\000C\000l\000o\000u\000d\000f\000l\000a\000r\000e\000\040\000R\0002\000\040\000v\000\340\000\040\000c\001\241\000\040\000c\000h\036\277\000\040\000u\000p\000l\000o\000a\000d\000\040\000t\000r\036\361\000c\000\040\000t\000i\036\277\000p}{section.0.1}% 7
\BOOKMARK [2][-]{subsection.0.1.7}{\376\377\000F\000F\000m\000p\000e\000g\000,\000\040\000F\000F\000p\000r\000o\000b\000e\000\040\000v\000\340\000\040\000x\036\355\000\040\000l\000\375\000\040\000v\000i\000d\000e\000o\000\040\000H\000L\000S}{section.0.1}% 8
\BOOKMARK [2][-]{subsection.0.1.8}{\376\377\000T\000\340\000i\000\040\000l\000i\036\307\000u\000\040\000h\000\363\000a\000\040\000A\000P\000I\000\040\000v\036\333\000i\000\040\000O\000p\000e\000n\000A\000P\000I\000/\000S\000w\000a\000g\000g\000e\000r}{section.0.1}% 9
\BOOKMARK [1][-]{section.0.2}{\376\377\000C\000\364\000n\000g\000\040\000n\000g\000h\036\307\000\040\000p\000h\000\341\000t\000\040\000t\000r\000i\036\303\000n\000\040\000g\000i\000a\000o\000\040\000d\000i\036\307\000n\000\040\000n\000g\001\260\036\335\000i\000\040\000d\000\371\000n\000g}{}% 10
\BOOKMARK [2][-]{subsection.0.2.1}{\376\377\000R\000e\000a\000c\000t\000,\000\040\000N\000e\000x\000t\000.\000j\000s\000\040\000v\000\340\000\040\000T\000y\000p\000e\000S\000c\000r\000i\000p\000t}{section.0.2}% 11
\BOOKMARK [2][-]{subsection.0.2.2}{\376\377\000T\000a\000n\000S\000t\000a\000c\000k\000\040\000Q\000u\000e\000r\000y\000,\000\040\000A\000x\000i\000o\000s\000\040\000v\000\340\000\040\000Z\000u\000s\000t\000a\000n\000d}{section.0.2}% 12
\BOOKMARK [2][-]{subsection.0.2.3}{\376\377\000R\000e\000a\000c\000t\000\040\000H\000o\000o\000k\000\040\000F\000o\000r\000m\000,\000\040\000Z\000o\000d\000\040\000v\000\340\000\040\000k\000i\036\303\000m\000\040\000t\000r\000a\000\040\000d\036\357\000\040\000l\000i\036\307\000u\000\040\000p\000h\000\355\000a\000\040\000g\000i\000a\000o\000\040\000d\000i\036\307\000n}{section.0.2}% 13
\BOOKMARK [2][-]{subsection.0.2.4}{\376\377\000T\000a\000i\000l\000w\000i\000n\000d\000\040\000C\000S\000S\000\040\000v\000\340\000\040\000c\000\341\000c\000\040\000t\000h\001\260\000\040\000v\000i\036\307\000n\000\040\000h\036\327\000\040\000t\000r\036\343\000\040\000g\000i\000a\000o\000\040\000d\000i\036\307\000n}{section.0.2}% 14
\BOOKMARK [2][-]{subsection.0.2.5}{\376\377\000V\000i\000d\000e\000o\000.\000j\000s\000,\000\040\000h\000l\000s\000.\000j\000s\000\040\000v\000\340\000\040\000t\000r\000\354\000n\000h\000\040\000p\000h\000\341\000t\000\040\000b\000\340\000i\000\040\000g\000i\036\243\000n\000g}{section.0.2}% 15
\BOOKMARK [2][-]{subsection.0.2.6}{\376\377\000E\000d\000i\000t\000o\000r\000\040\000T\000i\000p\000t\000a\000p\000\040\000x\036\355\000\040\000l\000\375\000\040\000r\000i\000c\000h\000\040\000t\000e\000x\000t}{section.0.2}% 16
\BOOKMARK [2][-]{subsection.0.2.7}{\376\377\000K\000\351\000o\000\040\000t\000h\036\243\000,\000\040\000t\000h\000\364\000n\000g\000\040\000b\000\341\000o\000\040\000v\000\340\000\040\000t\000r\036\243\000i\000\040\000n\000g\000h\000i\036\307\000m\000\040\000q\000u\036\243\000n\000\040\000t\000r\036\313}{section.0.2}% 17
\BOOKMARK [1][-]{section.0.3}{\376\377\000N\036\301\000n\000\040\000t\036\243\000n\000g\000\040\000l\000\375\000\040\000t\000h\000u\000y\036\277\000t\000\040\000v\036\301\000\040\000R\000A\000G}{}% 18
\BOOKMARK [2][-]{subsection.0.3.1}{\376\377\000M\000\364\000\040\000h\000\354\000n\000h\000\040\000n\000g\000\364\000n\000\040\000n\000g\036\357\000\040\000l\036\333\000n}{section.0.3}% 19
\BOOKMARK [2][-]{subsection.0.3.2}{\376\377\000R\000e\000t\000r\000i\000e\000v\000a\000l\000-\000A\000u\000g\000m\000e\000n\000t\000e\000d\000\040\000G\000e\000n\000e\000r\000a\000t\000i\000o\000n}{section.0.3}% 20
\BOOKMARK [2][-]{subsection.0.3.3}{\376\377\000D\036\357\000\040\000l\000i\036\307\000u\000\040\000n\000g\036\357\000\040\000c\036\243\000n\000h\000\040\000v\000\340\000\040\000k\000i\036\303\000m\000\040\000s\000o\000\341\000t\000\040\000c\000\342\000u\000\040\000t\000r\036\243\000\040\000l\036\335\000i}{section.0.3}% 21
